exports[`test ViewSelector renders as expected 1`] = `
<div>
  <button
    className="btn btn-default"
    disabled={false}
    onClick={[Function]}
    type="button">
    left
  </button>
  <button
    className="btn btn-default"
    disabled={false}
    onClick={[Function]}
    type="button">
    right
  </button>
</div>
`;
